18:51:08 **** Incremental Build of configuration Debug for project BOOTLOADER ****
make -j12 all 
arm-none-eabi-gcc "../Core/Src/main.c" -mcpu=cortex-m7 -std=gnu11 -g3 -DDEBUG -DUSE_PWR_LDO_SUPPLY -DUSE_HAL_DRIVER -DSTM32H723xx -c -I../Core/Inc -I../Drivers/STM32H7xx_HAL_Driver/Inc -I../Drivers/STM32H7xx_HAL_Driver/Inc/Legacy -I../Drivers/CMSIS/Device/ST/STM32H7xx/Include -I../Drivers/CMSIS/Include -O0 -ffunction-sections -fdata-sections -Wall -fstack-usage -fcyclomatic-complexity -MMD -MP -MF"Core/Src/main.d" -MT"Core/Src/main.o" --specs=nano.specs -mfpu=fpv5-d16 -mfloat-abi=hard -mthumb -o "Core/Src/main.o"
arm-none-eabi-gcc -o "BOOTLOADER.elf" @"objects.list"   -mcpu=cortex-m7 -T"D:\STM32\OTA\SW\STM32\BOOTLOADER\STM32H723VETX_FLASH.ld" --specs=nosys.specs -Wl,-Map="BOOTLOADER.map" -Wl,--gc-sections -static --specs=nano.specs -mfpu=fpv5-d16 -mfloat-abi=hard -mthumb -Wl,--start-group -lc -lm -Wl,--end-group
Finished building target: BOOTLOADER.elf
 
arm-none-eabi-size  BOOTLOADER.elf 
arm-none-eabi-objdump -h -S BOOTLOADER.elf  > "BOOTLOADER.list"
   text	   data	    bss	    dec	    hex	filename
  10396	     16	   1648	  12060	   2f1c	BOOTLOADER.elf
Finished building: default.size.stdout
 
Finished building: BOOTLOADER.list
 

18:51:10 Build Finished. 0 errors, 0 warnings. (took 2s.237ms)

